Last login: Fri Oct 25 22:28:38 on ttys000
jiyangdeMBP:~ jiyang$ git config --global user.name "jiyang"
jiyangdeMBP:~ jiyang$ git config --global user.email "jiyangj@foxmail.com"
jiyangdeMBP:~ jiyang$ cd desktop
jiyangdeMBP:desktop jiyang$ cd repository/
jiyangdeMBP:repository jiyang$ mkdir learngit
jiyangdeMBP:repository jiyang$ cd learngit/
jiyangdeMBP:learngit jiyang$ pwd
/Users/jiyang/desktop/repository/learngit
jiyangdeMBP:learngit jiyang$ git init
Initialized empty Git repository in /Users/jiyang/Desktop/repository/learngit/.git/
jiyangdeMBP:learngit jiyang$ 
jiyangdeMBP:learngit jiyang$ 
jiyangdeMBP:learngit jiyang$ ls
jiyangdeMBP:learngit jiyang$ ls -ah
.	..	.git
jiyangdeMBP:learngit jiyang$ git add readme.txt
jiyangdeMBP:learngit jiyang$ git commit -m "wrote a readme file"
[master (root-commit) 142857b] wrote a readme file
 1 file changed, 1 insertion(+)
 create mode 100644 readme.txt
jiyangdeMBP:learngit jiyang$ git status
On branch master
nothing to commit, working tree clean
jiyangdeMBP:learngit jiyang$ git diff readme.txt 
jiyangdeMBP:learngit jiyang$ git remote add origin git@github.com:JIYANG-PLUS/learngit.git
jiyangdeMBP:learngit jiyang$ git push -u origin master

The authenticity of host 'github.com (13.229.188.59)' can't be established.
RSA key fingerprint is SHA256:nThbg6kXUpJWGl7E1IGOCspRomTxdCARLviKw6E5SY8.
Are you sure you want to continue connecting (yes/no)? yes
Warning: Permanently added 'github.com,13.229.188.59' (RSA) to the list of known hosts.

Connection reset by 13.229.188.59 port 22
fatal: Could not read from remote repository.

Please make sure you have the correct access rights
and the repository exists.
jiyangdeMBP:learngit jiyang$ 
jiyangdeMBP:learngit jiyang$ git push -u origin master

        



^C
jiyangdeMBP:learngit jiyang$ 
jiyangdeMBP:learngit jiyang$ 
jiyangdeMBP:learngit jiyang$ 
jiyangdeMBP:learngit jiyang$ 
jiyangdeMBP:learngit jiyang$ 
jiyangdeMBP:learngit jiyang$ 
jiyangdeMBP:learngit jiyang$ ls -al ~/.ssh
total 8
drwx------   3 jiyang  staff    96 10 28 14:13 .
drwxr-xr-x+ 50 jiyang  staff  1600 10 28 14:07 ..
-rw-r--r--   1 jiyang  staff   406 10 28 14:13 known_hosts
jiyangdeMBP:learngit jiyang$ ls
readme.txt
jiyangdeMBP:learngit jiyang$ ls -al ~/.ssh/known_hosts
-rw-r--r--  1 jiyang  staff  406 10 28 14:13 /Users/jiyang/.ssh/known_hosts
jiyangdeMBP:learngit jiyang$ 
jiyangdeMBP:learngit jiyang$ 
jiyangdeMBP:learngit jiyang$ ssh-keygen -t rsa -b 4096 -C "jiyangj@foxmail.com"
Generating public/private rsa key pair.
Enter file in which to save the key (/Users/jiyang/.ssh/id_rsa): /Users/jiyang/.ssh/id_rsa
Enter passphrase (empty for no passphrase): 
Enter same passphrase again: 
Your identification has been saved in /Users/jiyang/.ssh/id_rsa.
Your public key has been saved in /Users/jiyang/.ssh/id_rsa.pub.
The key fingerprint is:
SHA256:V8b4OATPC/iCKRxEJRj8iobE5gycMixZoD3oUtQrUM4 jiyangj@foxmail.com
The key's randomart image is:
+---[RSA 4096]----+
|+**o.   .        |
|+O...  . + o     |
|*+E  .. . = +    |
|BX.+.o . o *     |
|%o+.o . S = .    |
|+= .   . . .     |
|.                |
|                 |
|                 |
+----[SHA256]-----+
jiyangdeMBP:learngit jiyang$ 
jiyangdeMBP:learngit jiyang$ eval "$(ssh-agent -s)"
Agent pid 10335
jiyangdeMBP:learngit jiyang$ ssh-add -K ~/.ssh/id_rsa
Identity added: /Users/jiyang/.ssh/id_rsa (jiyangj@foxmail.com)
jiyangdeMBP:learngit jiyang$ vim ~/.ssh/id_rsa.pub
jiyangdeMBP:learngit jiyang$ 
jiyangdeMBP:learngit jiyang$ 
jiyangdeMBP:learngit jiyang$ git push -u origin master

Connection reset by 13.229.188.59 port 22
fatal: Could not read from remote repository.

Please make sure you have the correct access rights
and the repository exists.
jiyangdeMBP:learngit jiyang$ 
jiyangdeMBP:learngit jiyang$ git push -u origin master


Warning: Permanently added the RSA host key for IP address '52.74.223.119' to the list of known hosts.
Enumerating objects: 3, done.
Counting objects: 100% (3/3), done.
Writing objects: 100% (3/3), 221 bytes | 221.00 KiB/s, done.
Total 3 (delta 0), reused 0 (delta 0)
To github.com:JIYANG-PLUS/learngit.git
 * [new branch]      master -> master
Branch 'master' set up to track remote branch 'master' from 'origin'.
jiyangdeMBP:learngit jiyang$ 
jiyangdeMBP:learngit jiyang$ 
jiyangdeMBP:learngit jiyang$ 
jiyangdeMBP:learngit jiyang$ 
jiyangdeMBP:learngit jiyang$ 
